threads=6
R=6.0: E=46.583571 lam20=-6.255611e-02 lam2=7.375e-06 index=1 raw=1
R=6.375: E=47.265062 lam20=+8.378441e-06 lam2=1.006e-03 index=0 raw=0
R=6.75: E=48.119060 lam20=+8.683733e-06 lam2=1.073e-03 index=0 raw=0
R=7.125: E=48.894727 lam20=+8.987609e-06 lam2=1.145e-03 index=0 raw=0
R=7.5: E=49.600217 lam20=+9.292417e-06 lam2=1.224e-03 index=0 raw=0
bracket located: [6.0, 6.375]
R=6.1875: E=46.806569 lam20=+8.224693e-06 lam2=9.746e-04 index=0 raw=0
R=6.09375: E=46.569221 lam20=+8.147481e-06 lam2=9.593e-04 index=0 raw=0
R=6.046875: E=46.448514 lam20=+8.108787e-06 lam2=9.518e-04 index=0 raw=0
R=6.0234375: E=46.387653 lam20=+8.089419e-06 lam2=9.481e-04 index=0 raw=0
R=6.01171875: E=46.357096 lam20=+8.079729e-06 lam2=9.463e-04 index=0 raw=0
fine-quadrature R=6.0: {'radius': 6.0, 'index': 0, 'lambda_min': 8.130972244961412e-06}
fine-quadrature R=6.01171875: {'radius': 6.01171875, 'index': 0, 'lambda_min': 8.140675394661446e-06}
{
  "candidate": "D",
  "definition": "Lambda = 1/R*, R* = Morse-index critical radius",
  "thread_count": 6,
  "bracket": [
    6.0,
    6.01171875
  ],
  "bracket_width": 0.01171875,
  "R_star_per_order": {
    "16": {
      "R_star": 6.066333874618591,
      "slope": 0.5124076943734971,
      "n_points": 5
    },
    "18": {
      "R_star": 6.066368433353793,
      "slope": 0.44343324587807476,
      "n_points": 5
    },
    "20": {
      "R_star": 6.066385958617824,
      "slope": 0.400411572380592,
      "n_points": 5
    }
  },
  "R_star_primary_order20": 6.066385958617824,
  "refinement_spread_R": 5.2083999232621636e-05,
  "Lambda_D": 0.1648427922030602,
  "Lambda_D_relative_uncertainty": 8.585671862607395e-06,
  "lambda_slope_at_crossing_order20": 0.400411572380592,
  "fine_quadrature_check": {
    "lo": {
      "radius": 6.0,
      "index": 0,
      "lambda_min": 8.130972244961412e-06
    },
    "hi": {
      "radius": 6.01171875,
      "index": 0,
      "lambda_min": 8.140675394661446e-06
    }
  },
  "closest_record_summary": {
    "radius": 6.046875,
    "lambda_min": 8.108787434770401e-06,
    "lambda_2": 0.0009518394924313882,
    "ratio_lambda_min_over_lambda_2": 0.008519070178583612,
    "max_abs_eig": 4325.02097783011,
    "mode_fractions": [
      3.5607598188282816e-07,
      5.971958813254765e-10,
      0.9999996433268221
    ],
    "mode_radial_nodes_split": 7
  },
  "chain": [
    {
      "radius": 6.0,
      "lam_by_order": {
        "16": -0.08002626180504258,
        "18": -0.069269521014858,
        "20": -0.06255610907943615
      },
      "index20": 1,
      "energy": 46.58357120376467
    },
    {
      "radius": 6.375,
      "lam_by_order": {
        "16": 3.831581343236856e-05,
        "18": 1.730053103500666e-05,
        "20": 8.378441477892443e-06
      },
      "index20": 0,
      "energy": 47.26506163434129
    },
    {
      "radius": 6.75,
      "lam_by_order": {
        "16": 3.984512424452737e-05,
        "18": 1.794957076585683e-05,
        "20": 8.68373300167538e-06
      },
      "index20": 0,
      "energy": 48.11905986624635
    },
    {
      "radius": 7.125,
      "lam_by_order": {
        "16": 4.142460962696003e-05,
        "18": 1.8606496895765827e-05,
        "20": 8.987608511941611e-06
      },
      "index20": 0,
      "energy": 48.894727376627685
    },
    {
      "radius": 7.5,
      "lam_by_order": {
        "16": 4.3070803403620526e-05,
        "18": 1.9277262746556803e-05,
        "20": 9.292416991373685e-06
      },
      "index20": 0,
      "energy": 49.6002173954915
    },
    {
      "radius": 6.1875,
      "lam_by_order": {
        "16": 3.756568264269341e-05,
        "18": 1.6977495008178602e-05,
        "20": 8.224692909231548e-06
      },
      "index20": 0,
      "energy": 46.806568602569264
    },
    {
      "radius": 6.09375,
      "lam_by_order": {
        "16": 3.719371741523714e-05,
        "18": 1.681618134665294e-05,
        "20": 8.147480908419703e-06
      },
      "index20": 0,
      "energy": 46.56922078948626
    },
    {
      "radius": 6.046875,
      "lam_by_order": {
        "16": 3.700847100161451e-05,
        "18": 1.6735565910517403e-05,
        "20": 8.108787434770401e-06
      },
      "index20": 0,
      "energy": 46.44851377589066
    },
    {
      "radius": 6.0234375,
      "lam_by_order": {
        "16": 3.691602908990881e-05,
        "18": 1.6695268192675796e-05,
        "20": 8.089418804294389e-06
      },
      "index20": 0,
      "energy": 46.38765279651987
    },
    {
      "radius": 6.01171875,
      "lam_by_order": {
        "16": 3.686985326877342e-05,
        "18": 1.667512183824879e-05,
        "20": 8.07972903876433e-06
      },
      "index20": 0,
      "energy": 46.357095668557214
    }
  ]
}

R* = 6.066386 +- 0.000052 (order spread); Lambda_D = 0.164843
